aardbei
aardige
actueel
actuele
affiche
afstand
agenten
akelige
alcohol
amerika
angstig
armband
artikel
autobus
autoped
bananen
baviaan
bedankt
bedelen
beeldje
beertje
beesten
behalve
bekende
beleefd
beleven
beloond
beloven
beneden
benzine
bericht
betaald
betalen
bevelen
bewaren
bewegen
beweren
bewoner
bezeren
blaadje
blaften
bloemen
boompje
boomtak
boortje
bosduif
bosmier
bouvier
bowling
brieven
broeken
broekje
bruggen
bureaus
buurman
camping
capsule
caravan
centrum
chanson
cheffin
chinees
chirurg
chocola
citroen
cockpit
collega
coltrui
compact
compost
compote
concert
condens
contact
contant
correct
couplet
coureur
dagblad
dancing
dansend
deftige
denkend
dertien
dessert
deurmat
diamant
dikkerd
diploma
draaien
drankje
drinken
dronken
druppel
dunnere
dwergen
eerlijk
eeuwige
envelop
ernstig
fabriek
familie
feesten
fietsen
fietser
figuren
fluiten
geboren
gedicht
gegeven
gekeken
gekkerd
gekocht
geleden
gelezen
geloven
genezen
gereden
geruzie
gevaren
gevecht
geweren
geweten
gewicht
gezicht
gierige
giftige
gitaren
glaasje
glamour
glanzen
grappig
grenzen
groeien
groepje
grommen
grootst
gymzaal
handige
hyacint
idealen
indiaan
januari
jongens
kaarsen
kaarsje
kaarten
kadetje
kamelen
kanalen
kanarie
kantine
kapotte
keihard
ketchup
kiosken
klanten
klauwen
kleinst
kleuren
klimrek
knoeien
komisch
kranten
krenten
kritiek
laarzen
lachend
lakeien
lampion
langere
lastige
leeuwen
lekkere
lelijke
leukerd
leveren
liniaal
lisanne
loempia
logisch
lucifer
maandag
machine
maillot
mango's
martine
matroos
maximum
meeuwen
mentaal
mevrouw
minuten
miranda
moedige
munitie
nachten
narcose
nevelig
nichtje
niemand
niveaus
nuttige
ochtend
octopus
oefenen
oerwoud
oktober
oliebol
olifant
onkruid
oorpijn
oorring
overval
paardje
paraplu
parasol
patatje
patroon
penalty
pension
perfect
periode
pianist
piano's
pilaren
piloten
pinda's
plaatje
plafond
planken
plankje
planten
plantje
plastic
plateau
pratend
precies
prettig
prinsen
printer
procent
project
raampje
radio's
rashida
reactie
reclame
regelen
regenen
regeren
rekenen
rennend
ritueel
roepend
roesten
routine
rukwind
rustige
savonds
schaats
schaken
scheert
schenkt
schepen
scheren
scheurt
schoten
schrijf
schroef
schroot
schuine
schuren
seconde
serieus
shampoo
sigaren
sigaret
slaatje
slangen
sleuren
slinger
slordig
snachts
sneetje
sneeuwt
snoeien
snoepje
sociaal
sommige
speaker
speldje
spelend
speuren
spijker
spleten
sporten
spreeuw
spreker
spuitje
spullen
stadion
stammen
standje
starten
station
stekker
stemmen
stengel
sterkst
stevige
stoelen
stompen
storing
stormen
straten
strikje
stromen
sufferd
sweater
symbool
tachtig
takelen
tekenen
terecht
tevoren
textiel
theepot
tochten
tochtig
tomaten
tournee
tractor
trainer
treinen
trienen
triplex
trouwen
t-shirt
tuintje
twintig
typisch
typiste
uniform
valhelm
vallend
vandaag
vangnet
veilige
verband
verhaal
verkeer
verlies
vertrek
vervoer
verwend
viaduct
vijftig
violist
vlaggen
vliegen
vliegje
vlinder
vlugger
vochtig
voetbal
vrolijk
vuisten
vuurtje
warmere
weekend
yoghurt
zakdoek
zeepsop
zestien
zingend
zittend
zonnige
zuchten
zuurtje
zwaaien
zwembad
zwemmen
zwemmer
aanwezig
achttien
acrobaat
advocaat
afbreken
afspraak
algehele
allerlei
allround
antwoord
apotheek
asociaal
attentie
augurken
avontuur
bacterie
baldadig
bankstel
barakken
bastiaan
bedenken
bederven
bedorven
bedreigd
begieten
beginnen
bekennen
bekeuren
bekijken
belegerd
beloning
bemoeial
bemoeide
bemoeien
bereiken
berekend
besturen
betaling
betegeld
betonnen
bevroren
bewaking
beweging
bewijzen
bezitten
bezoeken
bezoeker
bezorgen
bezorger
bibberen
bioscoop
bloempot
bordeaux
boterham
bouillon
brancard
broertje
broodmes
bungalow
buskaart
caravans
carnaval
carolien
caroline
cassette
ceintuur
centrale
charmant
cilinder
clubhuis
collecte
columbus
commando
compleet
computer
concours
conditie
confetti
conflict
contract
coureurs
creatief
dankbaar
december
doelpunt
driehoek
dringend
drinkend
duizelig
dynamiet
educatie
eekhoorn
excursie
excuseer
exotisch
explosie
fantasie
fauteuil
fazanten
februari
fietsend
fietspad
filmzaal
garnalen
geblazen
gebleven
geboorte
gebraden
gebroken
gedaante
gedachte
gedeelte
gedichte
gedragen
geduldig
gegrepen
gehannes
gehavend
geheimen
geheugen
gekegeld
gekregen
gelachen
geleverd
geluiden
gelukkig
gemeente
gemopper
genezing
geniepig
genieten
gepieker
geraamte
geranium
geregeld
geregend
gerekend
gerommel
getallen
getekend
gevallen
gevoelig
gevonden
geweldig
gezellig
gezinnen
giraffen
gitarist
goedkoop
goedkope
grachten
grappige
grasveld
groepjes
handdoek
haringen
hebberig
heerlijk
heftruck
hengelen
hersenen
hinkelen
hooiberg
houterig
huisdier
huppelen
huwelijk
iedereen
inademen
infectie
injectie
intussen
invalide
jaloerse
japonnen
jubileum
kaarsvet
kabouter
kalender
kalveren
kanonnen
kapitein
karakter
karavaan
kassabon
kastelen
katoenen
kibbelen
kinderen
kletsend
knechten
koelkast
koningin
korrelig
kreeften
kritisch
krokodil
kwartjes
lammetje
langzaam
lawaaiig
leesboek
leeuwtje
limonade
linialen
linoleum
macaroni
machtige
manieren
mannetje
marathon
marinier
marionet
matrozen
medaille
medicijn
melkfles
metselen
michelle
middelen
modderig
modellen
modeshow
mogelijk
mopperen
muzikaal
naaidoos
nadenken
negentig
nijptang
november
officier
onderste
ongeldig
onrustig
operatie
opereren
opticien
overkant
paleizen
pannetje
pantalon
papieren
parasiet
parcours
parttime
patronen
pensioen
picknick
pijnlijk
pizzeria
plaatsen
playback
pleintje
postbode
postcode
potgrond
potloden
prachtig
prettige
principe
puinhoop
rabarber
radiator
raketten
reageren
recepten
receptie
rekening
rituelen
rivieren
roeiboot
rommelig
roofdier
rubberen
rumoerig
salueren
sandwich
saxofoon
schelpen
schepijs
schepnet
scherven
scheuren
schillen
schipper
schoenen
schreeuw
schudden
showroom
sierlijk
situatie
slimmerd
smiddags
snackbar
snelheid
soldaten
souvenir
spatbord
spechten
speciaal
speciale
spetters
spinazie
spionnen
sporthal
springen
staarten
stadions
stofdoek
stommerd
stromend
studio's
subsidie
tandarts
tapijten
tekening
tekorten
telefoon
telegram
tevreden
theedoek
timmeren
tragisch
triangel
tropisch
tweeling
vakantie
vannacht
veertien
veldfles
verbaasd
verbouwd
verdelen
verdriet
verfdoos
vergeten
verhalen
verkeerd
verkocht
verkopen
verlaten
verlegen
vermaken
veronica
verschil
verstand
verteren
verweren
vierkant
vijftien
vitamine
vlechten
voorruit
vriendje
vrolijke
vuurrood
waakhond
wachtend
wandelen
windjack
winkelen
wisselen
woningen
zachtjes
zaterdag
zeilboot
zeventig
zilveren
zonlicht
zwaaiend
zwemmend
aantallen
aardappel
aardbeien
achteraan
achteruit
ademhalen
afgelopen
afrekenen
aluminium
ambulance
apparaten
artikelen
automaten
avondeten
avonturen
badjassen
ballpoint
bedoeling
bedriegen
bedrijven
begrijpen
bekeuring
beklimmen
belasting
beledigen
belgische
bemanning
beoefenen
berekenen
berichten
beslissen
besluiten
bestellen
betaalpas
betekenen
betoveren
bevalling
bevolking
bevriezen
boerderij
boodschap
boulevard
brandweer
bromfiets
buurvrouw
cacaoboom
cactussen
cadeautje
cafetaria
capriolen
catalogus
categorie
cellofaan
champagne
chauffeur
chocolade
citroenen
coevorden
collectie
componist
conclusie
container
criminele
croissant
crossbaan
culturele
dagelijks
dertigste
directeur
dirigeren
discussie
donderdag
douchekop
douchemat
drentelen
duidelijk
duikplank
eenvoudig
eigenlijk
eindelijk
emigreren
enigszins
eventueel
eventuele
exemplaar
expeditie
expositie
fabrieken
garderobe
gebruiken
gedurende
gehuppeld
gekarteld
gekleurde
gekwebbel
gelukkige
geluksdag
gelukwens
gemaskerd
gemetseld
gemopperd
gepiekerd
gepriegel
gerechten
geruchten
getimmerd
gevechten
gewandeld
geweldige
gewinkeld
gezellige
gezichten
giechelen
gymnasium
hartelijk
heerlijke
heimelijk
hengeltje
herfstbos
hetzelfde
hierboven
hoofdstuk
hospitaal
ijshockey
imperiaal
inleveren
inspectie
intercity
jarenlang
karbonade
kilometer
kippenhok
knikkeren
knutselen
koffiekop
kokosnoot
komkommer
kouwelijk
kronkelen
kruisspin
kwaliteit
loempia's
machinist
makkelijk
margarine
materiaal
materieel
matrassen
mayonaise
metselaar
microfoon
milkshake
misschien
modderige
moeilijke
mogelijke
momentele
motorboot
muizenval
multiplex
natekenen
nationaal
officieel
olifanten
olympisch
onbekende
ondergoed
onderwijs
onderzoek
ongeldige
onprettig
ontdekken
oorbellen
openingen
overbodig
overhoren
paperclip
parachute
parkieten
permanent
pirouette
plezierig
postzegel
prachtige
praktisch
prestatie
procenten
producent
programma
projectie
projector
provincie
punctueel
racefiets
rechthoek
regionaal
reparatie
repetitie
retourtje
revolutie
riolering
roeiboten
roodharig
roofvogel
saucijsje
schaapjes
schelpjes
schooltas
scorebord
skippybal
slingeren
smakelijk
smeerkaas
sneeuwbui
sneeuwpop
sochtends
spaghetti
spartelen
speculaas
speedboot
speelgoed
speeltuin
spetteren
spijbelen
spioneren
spreeuwen
springend
stoelpoot
stopwatch
storingen
stotteren
suikerpot
tabletten
tandpasta
technisch
teddybeer
tegenover
televisie
terugkeer
theezakje
tramrails
triangels
twijfelen
uitademen
vanmiddag
veranderd
verbazing
verbeterd
verdeling
verdenken
verdwaald
verdwenen
verenigde
verhuizen
verkeerde
verkennen
verkering
verkouden
verliezen
verloving
verouderd
verrassen
verregend
vervelend
vervoeren
viaducten
visnetten
vliegeren
vliegveld
vogelkooi
voldoende
volleybal
voorbeeld
voordelig
voorraden
vreselijk
vulpennen
wedstrijd
wenkbrauw
werkelijk
zwembroek
aandachtig
aangeboden
aangekomen
aanvoerder
aanwezigen
abonnement
accepteren
afdelingen
afgebroken
afgevallen
aflevering
aftershave
afwisselen
ambtenaren
antwoorden
appelbomen
aquaducten
arresteren
babysitten
bedreiging
begrafenis
behandelen
behoorlijk
bekentenis
beklimming
belangrijk
belichting
bereikbaar
beschermen
beslissing
besmetting
bestelling
bestraling
bestuderen
beveiligen
bevrijding
bewegingen
bewonderen
bewustzijn
bijzondere
binnenband
bodywarmer
boekenkast
centimeter
chagrijnig
champignon
chimpansee
clubgebouw
combinatie
commandant
commentaar
competitie
compliment
conducteur
consumptie
criminelen
crossfiets
dagelijkse
dergelijke
dierenarts
dierentuin
dieselolie
dinosaurus
discipelen
discipline
discotheek
doelpunten
driewieler
duidelijke
eenvoudige
eigenlijke
eigenwijze
elektrisch
emotionele
enveloppen
erwtensoep
experiment
explodeert
exporteert
exporteren
fantaseren
feestelijk
fietsroute
figuurzaag
financieel
flesopener
floppydisk
fouilleren
geglazuurd
gegraveerd
geknikkerd
geknutseld
gekwebbeld
geluidswal
geruisloos
geschenken
geschreven
geschuifel
gespikkeld
gesprekken
gevaarlijk
gevangenen
gevangenis
gevoelloos
gewoonlijk
goochelaar
gouverneur
griezelige
hagedissen
halverwege
handdoeken
handelaren
hardhandig
hartelijke
helikopter
herinneren
honingraat
houthakker
informatie
ingebroken
inrichting
inspecteur
kleurkrijt
livemuziek
locomotief
magnetisch
makkelijke
mededeling
medelijden
medewerker
microscoop
miereneter
ministerie
misdadiger
muziekshow
muzikanten
nachtegaal
natuurlijk
nauwkeurig
oefeningen
olympische
omsingelen
ongeduldig
ongelukken
ongelukkig
onmogelijk
onschuldig
ontdekking
ontwapenen
opgesloten
opgevangen
opgewonden
ophoepelen
overhemden
overmorgen
oversteken
overvallen
overvaller
overwerken
overwinnen
papegaaien
patatkraam
patrouille
perenbomen
persbureau
picknicken
politieman
poolcirkel
poppenkast
produceren
profiteren
regelmatig
regenbuien
regenwater
reisbureau
rekeningen
restaurant
reusachtig
romantisch
schaafwond
schadelijk
schakelaar
schilderen
schitteren
schuurdeur
sigaretten
sleutelgat
smakelijke
speurtocht
sprinkhaan
statiegeld
stewardess
stofzuiger
strompelen
struikelen
tachtigste
tafellaken
takelwagen
tegenkomen
tekeningen
terugkeren
terugkomen
terugtocht
toneelstuk
touringcar
tweelingen
twintigste
uitnodigen
vandalisme
veertigste
ventilatie
ventilator
veranderde
veranderen
verbeteren
verbinding
verbouwing
verdamping
verdedigen
verdenking
verdieping
verdrietig
vereniging
vergaderen
vergissing
verhuizing
verjaardag
vermageren
vernederen
verpakking
verpleging
verrassing
verstandig
vertrekken
verwachten
verwilderd
verzamelen
verzekeren
videotheek
vijverrand
vishengels
voetsporen
vrachtauto
vreselijke
vuilnisbak
wasbenzine
wasmachine
weegschaal
weggelaten
weggelopen
wespennest
ziekenauto
ziekenhuis
zogenaamde
zorgvuldig
aangevallen
aankondigen
aantekening
aardappelen
achterlicht
advertentie
afhankelijk
afwezigheid
analfabeten
australisch
autocoureur
automatisch
badhanddoek
basisschool
bedoelingen
behandeling
belachelijk
belangrijke
belastingen
benzinepomp
bescherming
beschrijven
beschrijver
beschuitbus
beschutting
betaalkaart
betwijfelen
bewondering
bewusteloos
bezichtigen
bezittingen
bibliotheek
bloempotten
boerderijen
bonnetterie
boomstammen
boterhammen
brandwonden
bureaustoel
camoufleren
cementmolen
collecteren
commercieel
commissaris
compactdisc
dobbelsteen
douchekraan
eekhoorntje
eergisteren
elektrische
fantastisch
feestelijke
feliciteren
figuurzagen
fototoestel
gebeurtenis
geblesseerd
gedresseerd
gehoorzamen
gelegenheid
geluidsbron
gemakkelijk
gereedschap
geschilderd
geschommeld
gevaarlijke
gisteravond
goedemiddag
goedemorgen
hagelstenen
hobbelpaard
hoofdbureau
individueel
individuele
industrieel
ingewikkeld
inpoldering
integendeel
interessant
kersenbomen
keukentafel
kinderwagen
koffiemolen
konijnenhol
koptelefoon
krokodillen
ladyspeaker
lichamelijk
lippenstift
luchtballon
maatregelen
microscopen
naaimachine
nauwkeurige
notitieblok
onderbreken
onderhouden
ondertussen
onderwijzer
onderzoeken
onduidelijk
ontploffing
ontspanning
ontwikkelen
oppervlakte
opzettelijk
organisatie
overdrijven
overnachten
overwinning
patrouilles
politieauto
pootjebaden
procentuele
protesteren
provinciaal
reageerbuis
rechercheur
reductiebon
regenachtig
restauratie
retourneren
routinezaak
schadelijke
schoolplein
schoorsteen
signalement
sneeuwstorm
spaarvarken
stopcontact
supertanker
tafeltennis
tegenhouden
tegenvaller
tegenwerken
telefonisch
telefooncel
temperament
temperatuur
terugvragen
thermometer
thermosfles
tomatensaus
typemachine
uitgerekend
uitgevonden
verandering
verbeelding
verbranding
verdrietige
verdwijning
vergadering
vergiftigen
verkoopster
verminderen
vernietigen
vernieuwing
veroordelen
verschillen
verwachting
verwisselen
verwoesting
verwonderen
verzameling
vliegtuigen
vluchteling
voetbalveld
voetgangers
voetstappen
vogelkooien
volwassenen
voorzichtig
vrachtschip
vriendelijk
vuilnisauto
wandelroute
wandelwagen
wedstrijden
welterusten
werelddelen
wespensteek
zaklantaarn
zenuwachtig
zesenzestig
zwemdiploma
aanhangwagen
aanvankelijk
aanwezigheid
afschuwelijk
afzonderlijk
ansichtkaart
automobilist
beantwoorden
beginperiode
begrijpelijk
belangrijker
bereidwillig
beschuldigde
beschuldigen
beslissingen
besmettelijk
bestellingen
bodypainting
boodschappen
broodtrommel
buitengewoon
burgemeester
complimentje
concentratie
concurrentie
confectiepak
demonstratie
demonstreren
dorpsgenoten
encyclopedie
entreebewijs
familieleden
fietsenmaker
fietssleutel
fotograferen
geboorteland
gebruikelijk
gedeeltelijk
gemakkelijke
gemeentehuis
geneesmiddel
geschiedenis
geschrompeld
gistermiddag
glazenwasser
gymmateriaal
haaientanden
handenarbeid
handtekening
hoofdstukken
hulpverlener
inboorlingen
inlichtingen
installaties
instrumenten
interessante
kamerplanten
kerncentrale
kerstrapport
kinderachtig
kinderboeken
klerenhanger
knikkebollen
lesmateriaal
lettergrepen
medeplichtig
medicijnkast
middeleeuwen
mohammedanen
motorcoureur
nieuwsgierig
noodsituatie
noodzakelijk
nummerborden
onbeweeglijk
ondersteunen
ongelooflijk
ongevaarlijk
onmiddellijk
onnatuurlijk
onnauwkeurig
ontwikkeling
onverstandig
opgeschreven
optimistisch
overlevenden
overschatten
overstroming
pannenkoeken
platenspeler
politieagent
poppenspeler
pottenbakker
pruimenbomen
relaxstoelen
rommelzolder
rozenbottels
ruitenwisser
samenwerking
schilderijen
schuilplaats
sensationele
sinaasappels
sneeuwballen
spectaculair
sportterrein
stekelvarken
tegenwoordig
telefoonboek
terugbrengen
teruggekeerd
terugkrijgen
thuisblijven
thuisbrengen
toneelspelen
traditionele
trainingspak
tulpenbollen
uiteindelijk
uitgestorven
uitgestrekte
uitvindingen
uitzondering
vakantiewerk
vastgebonden
verdiepingen
verduisteren
vergissingen
vergrootglas
verkiezingen
verlengsnoer
vermoedelijk
verpleegster
verpletteren
verrassingen
verscheidene
verschillend
verwondering
vissersboten
voorzichtige
vriendelijke
vuilniswagen
waterdruppel
waterleiding
waterstralen
weekjournaal
wereldoorlog
wespensteken
zenuwachtige
ziekenhuizen
zomermaanden
zonnebrillen
zonnestralen
aantrekkelijk
aanvankelijke
appartementen
bouwmateriaal
brandweerauto
buitenlanders
croissanterie
douanekantoor
douchegordijn
eigenschappen
elektriciteit
gehandicapten
geheimzinnige
gemakkelijker
hemellichamen
hondenbrokken
hulpverlening
intellectueel
jongensachtig
kampioenschap
klappertanden
kleurpotloden
koffiedrinken
kurkentrekker
langzamerhand
lantaarnpalen
mandarijntjes
mattenklopper
meisjesachtig
morgenochtend
nieuwsgierige
onderschatten
onfatsoenlijk
onvergetelijk
onverschillig
onvoorzichtig
onvriendelijk
operatiekamer
overschrijven
paddenstoelen
politiebureau
politiemannen
poulewinnaars
programmablad
puntenslijper
reflecterende
regendruppels
ruimtevaarder
schemerlampen
sleutelhanger
spelmateriaal
spinnenwebben
sportschoenen
stationsplein
stempelkussen
surfwedstrijd
tandenborstel
tandenpoetsen
tegenstelling
teleurgesteld
teleurstellen
uitgescholden
uitlaatgassen
verbeteringen
verkeerslicht
verkeerstoren
verschillende
vervoermiddel
verwachtingen
verzamelingen
vierenveertig
vluchtelingen
voetbalschoen
voorzieningen
vreemdelingen
vrijwilligers
wereldtournee
woordenboeken
zomervakantie
zonsondergang
aardrijkskunde
automatisering
automobilisten
belangstelling
bessenstruiken
champignonsoep
doelverdediger
gehoorzaamheid
geneesmiddelen
gezichtsbedrog
grondwaterpeil
honderdduizend
internationaal
internationale
kindertelefoon
koekjestrommel
krantenknipsel
levensmiddelen
ogenblikkelijk
omstandigheden
proefexemplaar
ruitensproeier
samengetrokken
scharrelkippen
scheerapparaat
souvenirwinkel
spijkerbroeken
springconcours
surinamerivier
tegelijkertijd
tennisschoenen
tentoonstellen
verblijfplaats
verkeersregels
vervolgverhaal
voorbijgangers
wateroppervlak
winkelwagentje
winterkoninkje
woensdagmorgen
zestienhonderd
achteruitgegaan
arbeidskrachten
blaasinstrument
brandweerlieden
carpoolplaatsen
citroenlimonade
diepvrieskisten
fabrieksterrein
grammofoonplaat
hersenschudding
leefgemeenschap
noordpoolgebied
patrouillewagen
schoolmateriaal
straatfotograaf
taxistandplaats
tentoonstelling
verkeerslichten
verschrikkelijk
voorbereidingen
wandelboulevard
alarminstallatie
bloeduitstorting
kampeerboerderij
schrijfmateriaal
schroevendraaier
slagroomtaartjes
telefooncentrale
verschrikkelijke
voetbalwedstrijd
woestijnbewoners
afstandsbediening
avondvoorstelling
duizelingwekkende
rolstoelgebruiker
blindedarmoperatie
grootgrondbezitter
muziekinstrumenten
omroepverenigingen
basisschoolleerling
fabrieksdirecteuren
ontdekkingsreiziger
ontwikkelingslanden
staatssecretarissen
achteruitkijkspiegel
bestrijdingsmiddelen
fotokopieerapparaten
hoogstwaarschijnlijk
verantwoordelijkheid
vrachtwagenchauffeur
atletiekkampioenschap
bestaansmogelijkheden
kattententoonstelling